2025-07-01 10:26:58,225 INFO: Starting application [in C:\Users\sharv\Intern_project\backend\app.py:257]
2025-07-01 10:27:23,483 INFO: Starting application [in C:\Users\sharv\Intern_project\backend\app.py:257]
2025-07-01 10:31:17,700 INFO: Starting application [in C:\Users\sharv\Intern_project\backend\app.py:257]
2025-07-01 10:31:30,137 INFO: Health check: OK [in C:\Users\sharv\Intern_project\backend\app.py:124]
2025-07-01 10:31:30,377 INFO: Received conversion request [in C:\Users\sharv\Intern_project\backend\app.py:132]
2025-07-01 10:31:30,384 INFO: Saving file to temporary location: C:\Users\sharv\AppData\Local\Temp\Business_Case.docx [in C:\Users\sharv\Intern_project\backend\app.py:149]
2025-07-01 10:31:30,390 INFO: Starting document processing [in C:\Users\sharv\Intern_project\backend\app.py:153]
2025-07-01 10:31:30,395 INFO: Extracting text from DOCX: C:\Users\sharv\AppData\Local\Temp\Business_Case.docx [in C:\Users\sharv\Intern_project\backend\app.py:113]
2025-07-01 10:31:30,413 INFO: Extracting images from DOCX: C:\Users\sharv\AppData\Local\Temp\Business_Case.docx [in C:\Users\sharv\Intern_project\backend\app.py:71]
2025-07-01 10:31:30,464 INFO: Extracted text length: 1506 [in C:\Users\sharv\Intern_project\backend\app.py:161]
2025-07-01 10:31:30,465 INFO: Extracted images count: 8 [in C:\Users\sharv\Intern_project\backend\app.py:162]
2025-07-01 10:31:30,467 INFO: Processing chunk 1/1 [in C:\Users\sharv\Intern_project\backend\app.py:213]
2025-07-01 10:34:28,744 INFO: Temporary file removed: C:\Users\sharv\AppData\Local\Temp\Business_Case.docx [in C:\Users\sharv\Intern_project\backend\app.py:188]
2025-07-01 10:56:00,377 INFO: Starting application [in C:\Users\sharv\Intern_project\backend\app.py:262]
2025-07-01 10:56:36,322 INFO: Health check: OK [in C:\Users\sharv\Intern_project\backend\app.py:127]
2025-07-01 10:56:36,564 INFO: Received conversion request [in C:\Users\sharv\Intern_project\backend\app.py:135]
2025-07-01 10:56:36,566 INFO: Saving file to temporary location: C:\Users\sharv\AppData\Local\Temp\Business_Case.docx [in C:\Users\sharv\Intern_project\backend\app.py:152]
2025-07-01 10:56:36,567 INFO: Starting document processing [in C:\Users\sharv\Intern_project\backend\app.py:156]
2025-07-01 10:56:36,568 INFO: Extracting text from DOCX: C:\Users\sharv\AppData\Local\Temp\Business_Case.docx [in C:\Users\sharv\Intern_project\backend\app.py:116]
2025-07-01 10:56:36,572 INFO: Extracting images from DOCX: C:\Users\sharv\AppData\Local\Temp\Business_Case.docx [in C:\Users\sharv\Intern_project\backend\app.py:71]
2025-07-01 10:56:36,586 INFO: Extracted text length: 1506 [in C:\Users\sharv\Intern_project\backend\app.py:164]
2025-07-01 10:56:36,587 INFO: Extracted images count: 8 [in C:\Users\sharv\Intern_project\backend\app.py:165]
2025-07-01 10:56:36,587 INFO: Processing chunk 1/1 [in C:\Users\sharv\Intern_project\backend\app.py:218]
2025-07-01 10:59:24,523 INFO: Temporary file removed: C:\Users\sharv\AppData\Local\Temp\Business_Case.docx [in C:\Users\sharv\Intern_project\backend\app.py:191]
2025-07-01 11:00:34,308 INFO: Health check: OK [in C:\Users\sharv\Intern_project\backend\app.py:127]
2025-07-01 11:00:34,556 INFO: Received conversion request [in C:\Users\sharv\Intern_project\backend\app.py:135]
2025-07-01 11:00:34,564 INFO: Saving file to temporary location: C:\Users\sharv\AppData\Local\Temp\Business_Case.docx [in C:\Users\sharv\Intern_project\backend\app.py:152]
2025-07-01 11:00:34,574 INFO: Starting document processing [in C:\Users\sharv\Intern_project\backend\app.py:156]
2025-07-01 11:00:34,577 INFO: Extracting text from DOCX: C:\Users\sharv\AppData\Local\Temp\Business_Case.docx [in C:\Users\sharv\Intern_project\backend\app.py:116]
2025-07-01 11:00:34,599 INFO: Extracting images from DOCX: C:\Users\sharv\AppData\Local\Temp\Business_Case.docx [in C:\Users\sharv\Intern_project\backend\app.py:71]
2025-07-01 11:00:34,651 INFO: Extracted text length: 1506 [in C:\Users\sharv\Intern_project\backend\app.py:164]
2025-07-01 11:00:34,652 INFO: Extracted images count: 8 [in C:\Users\sharv\Intern_project\backend\app.py:165]
2025-07-01 11:00:34,653 INFO: Processing chunk 1/1 [in C:\Users\sharv\Intern_project\backend\app.py:218]
2025-07-01 11:02:00,271 INFO: Temporary file removed: C:\Users\sharv\AppData\Local\Temp\Business_Case.docx [in C:\Users\sharv\Intern_project\backend\app.py:191]
2025-07-01 11:15:09,206 INFO: Starting application [in C:\Users\sharv\Intern_project\backend\app.py:266]
2025-07-01 11:15:30,464 INFO: Health check: OK [in C:\Users\sharv\Intern_project\backend\app.py:127]
2025-07-01 11:15:30,705 INFO: Received conversion request [in C:\Users\sharv\Intern_project\backend\app.py:135]
2025-07-01 11:15:30,708 INFO: Saving file to temporary location: C:\Users\sharv\AppData\Local\Temp\Business_Case.docx [in C:\Users\sharv\Intern_project\backend\app.py:152]
2025-07-01 11:15:30,710 INFO: Starting document processing [in C:\Users\sharv\Intern_project\backend\app.py:156]
2025-07-01 11:15:30,711 INFO: Extracting text from DOCX: C:\Users\sharv\AppData\Local\Temp\Business_Case.docx [in C:\Users\sharv\Intern_project\backend\app.py:116]
2025-07-01 11:15:30,722 INFO: Extracting images from DOCX: C:\Users\sharv\AppData\Local\Temp\Business_Case.docx [in C:\Users\sharv\Intern_project\backend\app.py:71]
2025-07-01 11:15:30,758 INFO: Extracted text length: 1506 [in C:\Users\sharv\Intern_project\backend\app.py:164]
2025-07-01 11:15:30,759 INFO: Extracted images count: 8 [in C:\Users\sharv\Intern_project\backend\app.py:165]
2025-07-01 11:15:30,760 INFO: Processing chunk 1/1 [in C:\Users\sharv\Intern_project\backend\app.py:218]
2025-07-01 11:17:22,480 INFO: Temporary file removed: C:\Users\sharv\AppData\Local\Temp\Business_Case.docx [in C:\Users\sharv\Intern_project\backend\app.py:191]
2025-07-01 11:37:51,227 INFO: Starting application [in C:\Users\sharv\Intern_project\backend\app.py:263]
2025-07-01 11:38:02,875 INFO: Health check: OK [in C:\Users\sharv\Intern_project\backend\app.py:127]
2025-07-01 11:38:03,127 INFO: Received conversion request [in C:\Users\sharv\Intern_project\backend\app.py:135]
2025-07-01 11:38:03,129 INFO: Saving file to temporary location: C:\Users\sharv\AppData\Local\Temp\Business_Case.docx [in C:\Users\sharv\Intern_project\backend\app.py:152]
2025-07-01 11:38:03,131 INFO: Starting document processing [in C:\Users\sharv\Intern_project\backend\app.py:156]
2025-07-01 11:38:03,131 INFO: Extracting text from DOCX: C:\Users\sharv\AppData\Local\Temp\Business_Case.docx [in C:\Users\sharv\Intern_project\backend\app.py:116]
2025-07-01 11:38:03,134 INFO: Extracting images from DOCX: C:\Users\sharv\AppData\Local\Temp\Business_Case.docx [in C:\Users\sharv\Intern_project\backend\app.py:71]
2025-07-01 11:38:03,148 INFO: Extracted text length: 1506 [in C:\Users\sharv\Intern_project\backend\app.py:164]
2025-07-01 11:38:03,148 INFO: Extracted images count: 8 [in C:\Users\sharv\Intern_project\backend\app.py:165]
2025-07-01 11:38:03,149 INFO: Processing chunk 1/1 [in C:\Users\sharv\Intern_project\backend\app.py:219]
2025-07-01 11:40:09,288 INFO: Temporary file removed: C:\Users\sharv\AppData\Local\Temp\Business_Case.docx [in C:\Users\sharv\Intern_project\backend\app.py:191]
2025-07-01 11:44:09,496 INFO: Health check: OK [in C:\Users\sharv\Intern_project\backend\app.py:127]
2025-07-01 11:44:09,749 INFO: Received conversion request [in C:\Users\sharv\Intern_project\backend\app.py:135]
2025-07-01 11:44:09,752 INFO: Saving file to temporary location: C:\Users\sharv\AppData\Local\Temp\Business_Case.docx [in C:\Users\sharv\Intern_project\backend\app.py:152]
2025-07-01 11:44:09,754 INFO: Starting document processing [in C:\Users\sharv\Intern_project\backend\app.py:156]
2025-07-01 11:44:09,754 INFO: Extracting text from DOCX: C:\Users\sharv\AppData\Local\Temp\Business_Case.docx [in C:\Users\sharv\Intern_project\backend\app.py:116]
2025-07-01 11:44:09,757 INFO: Extracting images from DOCX: C:\Users\sharv\AppData\Local\Temp\Business_Case.docx [in C:\Users\sharv\Intern_project\backend\app.py:71]
2025-07-01 11:44:09,765 INFO: Extracted text length: 1506 [in C:\Users\sharv\Intern_project\backend\app.py:164]
2025-07-01 11:44:09,765 INFO: Extracted images count: 8 [in C:\Users\sharv\Intern_project\backend\app.py:165]
2025-07-01 11:44:09,766 INFO: Processing chunk 1/1 [in C:\Users\sharv\Intern_project\backend\app.py:219]
2025-07-01 11:45:22,797 INFO: Temporary file removed: C:\Users\sharv\AppData\Local\Temp\Business_Case.docx [in C:\Users\sharv\Intern_project\backend\app.py:191]
2025-07-01 11:56:06,093 INFO: Starting application [in C:\Users\sharv\Intern_project\backend\app.py:264]
2025-07-01 11:56:44,031 INFO: Health check: OK [in C:\Users\sharv\Intern_project\backend\app.py:127]
2025-07-01 11:56:44,283 INFO: Received conversion request [in C:\Users\sharv\Intern_project\backend\app.py:135]
2025-07-01 11:56:44,288 INFO: Saving file to temporary location: C:\Users\sharv\AppData\Local\Temp\Business_Case.docx [in C:\Users\sharv\Intern_project\backend\app.py:152]
2025-07-01 11:56:44,291 INFO: Starting document processing [in C:\Users\sharv\Intern_project\backend\app.py:156]
2025-07-01 11:56:44,291 INFO: Extracting text from DOCX: C:\Users\sharv\AppData\Local\Temp\Business_Case.docx [in C:\Users\sharv\Intern_project\backend\app.py:116]
2025-07-01 11:56:44,301 INFO: Extracting images from DOCX: C:\Users\sharv\AppData\Local\Temp\Business_Case.docx [in C:\Users\sharv\Intern_project\backend\app.py:71]
2025-07-01 11:56:44,334 INFO: Extracted text length: 1506 [in C:\Users\sharv\Intern_project\backend\app.py:164]
2025-07-01 11:56:44,335 INFO: Extracted images count: 8 [in C:\Users\sharv\Intern_project\backend\app.py:165]
2025-07-01 11:56:44,336 INFO: Processing chunk 1/1 [in C:\Users\sharv\Intern_project\backend\app.py:223]
2025-07-01 11:58:55,355 INFO: Temporary file removed: C:\Users\sharv\AppData\Local\Temp\Business_Case.docx [in C:\Users\sharv\Intern_project\backend\app.py:191]
2025-07-01 12:14:49,517 INFO: Starting application [in C:\Users\sharv\Intern_project\backend\app.py:264]
2025-07-01 12:15:08,456 INFO: Health check: OK [in C:\Users\sharv\Intern_project\backend\app.py:127]
2025-07-01 12:15:08,705 INFO: Received conversion request [in C:\Users\sharv\Intern_project\backend\app.py:135]
2025-07-01 12:15:08,709 INFO: Saving file to temporary location: C:\Users\sharv\AppData\Local\Temp\Business_Case.docx [in C:\Users\sharv\Intern_project\backend\app.py:152]
2025-07-01 12:15:08,712 INFO: Starting document processing [in C:\Users\sharv\Intern_project\backend\app.py:156]
2025-07-01 12:15:08,713 INFO: Extracting text from DOCX: C:\Users\sharv\AppData\Local\Temp\Business_Case.docx [in C:\Users\sharv\Intern_project\backend\app.py:116]
2025-07-01 12:15:08,722 INFO: Extracting images from DOCX: C:\Users\sharv\AppData\Local\Temp\Business_Case.docx [in C:\Users\sharv\Intern_project\backend\app.py:71]
2025-07-01 12:15:08,749 INFO: Extracted text length: 1506 [in C:\Users\sharv\Intern_project\backend\app.py:164]
2025-07-01 12:15:08,750 INFO: Extracted images count: 8 [in C:\Users\sharv\Intern_project\backend\app.py:165]
2025-07-01 12:15:08,751 INFO: Processing chunk 1/1 [in C:\Users\sharv\Intern_project\backend\app.py:223]
2025-07-01 12:17:18,198 INFO: Temporary file removed: C:\Users\sharv\AppData\Local\Temp\Business_Case.docx [in C:\Users\sharv\Intern_project\backend\app.py:191]
2025-07-01 12:28:02,550 INFO: Starting application [in C:\Users\sharv\Intern_project\backend\app.py:270]
2025-07-01 12:28:11,235 INFO: Health check: OK [in C:\Users\sharv\Intern_project\backend\app.py:129]
2025-07-01 12:28:11,485 INFO: Received conversion request [in C:\Users\sharv\Intern_project\backend\app.py:137]
2025-07-01 12:28:11,492 INFO: Saving file to temporary location: C:\Users\sharv\AppData\Local\Temp\Business_Case.docx [in C:\Users\sharv\Intern_project\backend\app.py:154]
2025-07-01 12:28:11,495 INFO: Starting document processing [in C:\Users\sharv\Intern_project\backend\app.py:158]
2025-07-01 12:28:11,495 INFO: Extracting text from DOCX: C:\Users\sharv\AppData\Local\Temp\Business_Case.docx [in C:\Users\sharv\Intern_project\backend\app.py:118]
2025-07-01 12:28:11,503 INFO: Extracting images from DOCX: C:\Users\sharv\AppData\Local\Temp\Business_Case.docx [in C:\Users\sharv\Intern_project\backend\app.py:73]
2025-07-01 12:28:11,549 INFO: Extracted text length: 1506 [in C:\Users\sharv\Intern_project\backend\app.py:166]
2025-07-01 12:28:11,550 INFO: Extracted images count: 8 [in C:\Users\sharv\Intern_project\backend\app.py:167]
2025-07-01 12:28:11,551 INFO: Processing chunk 1/1 [in C:\Users\sharv\Intern_project\backend\app.py:225]
2025-07-01 12:28:16,073 ERROR: Error processing chunk 1: Error code: 429 - {'error': {'message': 'You exceeded your current quota, please check your plan and billing details. For more information on this error, read the docs: https://platform.openai.com/docs/guides/error-codes/api-errors.', 'type': 'insufficient_quota', 'param': None, 'code': 'insufficient_quota'}} [in C:\Users\sharv\Intern_project\backend\app.py:256]
2025-07-01 12:28:16,086 INFO: Temporary file removed: C:\Users\sharv\AppData\Local\Temp\Business_Case.docx [in C:\Users\sharv\Intern_project\backend\app.py:193]
2025-07-01 13:53:59,315 INFO: Health check: OK [in C:\Users\sharv\Intern_project\backend\app.py:129]
2025-07-01 13:53:59,567 INFO: Received conversion request [in C:\Users\sharv\Intern_project\backend\app.py:137]
2025-07-01 13:53:59,572 INFO: Saving file to temporary location: C:\Users\sharv\AppData\Local\Temp\Business_Case.docx [in C:\Users\sharv\Intern_project\backend\app.py:154]
2025-07-01 13:53:59,573 INFO: Starting document processing [in C:\Users\sharv\Intern_project\backend\app.py:158]
2025-07-01 13:53:59,574 INFO: Extracting text from DOCX: C:\Users\sharv\AppData\Local\Temp\Business_Case.docx [in C:\Users\sharv\Intern_project\backend\app.py:118]
2025-07-01 13:53:59,577 INFO: Extracting images from DOCX: C:\Users\sharv\AppData\Local\Temp\Business_Case.docx [in C:\Users\sharv\Intern_project\backend\app.py:73]
2025-07-01 13:53:59,590 INFO: Extracted text length: 1506 [in C:\Users\sharv\Intern_project\backend\app.py:166]
2025-07-01 13:53:59,590 INFO: Extracted images count: 8 [in C:\Users\sharv\Intern_project\backend\app.py:167]
2025-07-01 13:53:59,591 INFO: Processing chunk 1/1 [in C:\Users\sharv\Intern_project\backend\app.py:225]
2025-07-01 13:54:04,142 ERROR: Error processing chunk 1: Error code: 429 - {'error': {'message': 'You exceeded your current quota, please check your plan and billing details. For more information on this error, read the docs: https://platform.openai.com/docs/guides/error-codes/api-errors.', 'type': 'insufficient_quota', 'param': None, 'code': 'insufficient_quota'}} [in C:\Users\sharv\Intern_project\backend\app.py:256]
2025-07-01 13:54:04,149 INFO: Temporary file removed: C:\Users\sharv\AppData\Local\Temp\Business_Case.docx [in C:\Users\sharv\Intern_project\backend\app.py:193]
2025-07-03 23:52:12,408 - __main__ - INFO - Using upload directory: C:\Users\sharv\Intern_project\backend\uploads
2025-07-03 23:52:16,846 - __main__ - INFO - Received file: Business Case.docx
2025-07-03 23:52:16,863 - __main__ - INFO - Image saved to C:\Users\sharv\Intern_project\backend\uploads\32b9be23ba8a42808d5d48ca4c288f8d.jpeg
2025-07-03 23:52:16,863 - __main__ - INFO - Image saved to C:\Users\sharv\Intern_project\backend\uploads\56023fd41e11434596dd3a6376c13afb.png
2025-07-03 23:52:16,864 - __main__ - INFO - Image saved to C:\Users\sharv\Intern_project\backend\uploads\0eaffb9e34dd41da9906e3eb9f1a9911.jpeg
2025-07-03 23:52:16,865 - __main__ - INFO - Image saved to C:\Users\sharv\Intern_project\backend\uploads\8544a1738761422fad6a6b511092e764.jpeg
2025-07-03 23:52:17,364 - httpx - INFO - HTTP Request: POST https://api.groq.com/openai/v1/chat/completions "HTTP/1.1 400 Bad Request"
2025-07-03 23:52:17,365 - __main__ - ERROR - Error processing document: Error code: 400 - {'error': {'message': 'The model `mixtral-8x7b-32768` has been decommissioned and is no longer supported. Please refer to https://console.groq.com/docs/deprecations for a recommendation on which model to use instead.', 'type': 'invalid_request_error', 'code': 'model_decommissioned'}}
2025-07-03 23:52:17,381 - __main__ - INFO - Received file: Business Case.docx
2025-07-03 23:52:17,395 - __main__ - INFO - Image saved to C:\Users\sharv\Intern_project\backend\uploads\aa35a999f1a0472ea8caeb9951d0aac6.jpeg
2025-07-03 23:52:17,397 - __main__ - INFO - Image saved to C:\Users\sharv\Intern_project\backend\uploads\5da838fd15124798863dcf4599ebb926.png
2025-07-03 23:52:17,399 - __main__ - INFO - Image saved to C:\Users\sharv\Intern_project\backend\uploads\0fb3ecb66ba54963b3ca4abe38688674.jpeg
2025-07-03 23:52:17,402 - __main__ - INFO - Image saved to C:\Users\sharv\Intern_project\backend\uploads\7de8d930fd2f414fbf136ce208bb2d08.jpeg
2025-07-03 23:52:17,709 - httpx - INFO - HTTP Request: POST https://api.groq.com/openai/v1/chat/completions "HTTP/1.1 400 Bad Request"
2025-07-03 23:52:17,710 - __main__ - ERROR - Error processing document: Error code: 400 - {'error': {'message': 'The model `mixtral-8x7b-32768` has been decommissioned and is no longer supported. Please refer to https://console.groq.com/docs/deprecations for a recommendation on which model to use instead.', 'type': 'invalid_request_error', 'code': 'model_decommissioned'}}
2025-07-03 23:54:12,538 - __main__ - INFO - Using upload directory: C:\Users\sharv\Intern_project\backend\uploads
2025-07-03 23:55:13,461 - __main__ - INFO - Received file: Business Case.docx
2025-07-03 23:55:13,493 - __main__ - INFO - Image saved to C:\Users\sharv\Intern_project\backend\uploads\cf6ebd02c7354d66a62d618229f422eb.jpeg
2025-07-03 23:55:13,494 - __main__ - INFO - Image saved to C:\Users\sharv\Intern_project\backend\uploads\02aa05e11afe482cab813d346b06b6ce.png
2025-07-03 23:55:13,497 - __main__ - INFO - Image saved to C:\Users\sharv\Intern_project\backend\uploads\1fa2a5e815ae4d43b3b35b10498e5453.jpeg
2025-07-03 23:55:13,501 - __main__ - INFO - Image saved to C:\Users\sharv\Intern_project\backend\uploads\b4a2d9db5dfd43f8807b0c6a31a57d81.jpeg
2025-07-03 23:55:14,639 - httpx - INFO - HTTP Request: POST https://api.groq.com/openai/v1/chat/completions "HTTP/1.1 400 Bad Request"
2025-07-03 23:55:14,641 - __main__ - ERROR - Error processing document: Error code: 400 - {'error': {'message': 'The model `mixtral-8x7b-32768` has been decommissioned and is no longer supported. Please refer to https://console.groq.com/docs/deprecations for a recommendation on which model to use instead.', 'type': 'invalid_request_error', 'code': 'model_decommissioned'}}
2025-07-03 23:57:47,709 - __main__ - INFO - Received file: Business Case.docx
2025-07-03 23:57:47,720 - __main__ - INFO - Image saved to C:\Users\sharv\Intern_project\backend\uploads\70312a06cf834e588d8eb68a9074c43f.jpeg
2025-07-03 23:57:47,721 - __main__ - INFO - Image saved to C:\Users\sharv\Intern_project\backend\uploads\081873990170482a8668bed66a711bbd.png
2025-07-03 23:57:47,723 - __main__ - INFO - Image saved to C:\Users\sharv\Intern_project\backend\uploads\8c86b98243c9406abbd947594f618198.jpeg
2025-07-03 23:57:47,726 - __main__ - INFO - Image saved to C:\Users\sharv\Intern_project\backend\uploads\64f9b687c7934f68946c943a8e52bcea.jpeg
2025-07-03 23:57:48,065 - httpx - INFO - HTTP Request: POST https://api.groq.com/openai/v1/chat/completions "HTTP/1.1 400 Bad Request"
2025-07-03 23:57:48,065 - __main__ - ERROR - Error processing document: Error code: 400 - {'error': {'message': 'The model `mixtral-8x7b-32768` has been decommissioned and is no longer supported. Please refer to https://console.groq.com/docs/deprecations for a recommendation on which model to use instead.', 'type': 'invalid_request_error', 'code': 'model_decommissioned'}}
2025-07-03 23:58:25,721 - __main__ - INFO - Received file: Business Case.docx
2025-07-03 23:58:25,729 - __main__ - INFO - Image saved to C:\Users\sharv\Intern_project\backend\uploads\53ef5ade3b16444391f7a3c0deb29f10.jpeg
2025-07-03 23:58:25,730 - __main__ - INFO - Image saved to C:\Users\sharv\Intern_project\backend\uploads\00636125867f4d4eb7c752f0467a7571.png
2025-07-03 23:58:25,731 - __main__ - INFO - Image saved to C:\Users\sharv\Intern_project\backend\uploads\46852af1b6184ffa8ebdc7679346498c.jpeg
2025-07-03 23:58:25,733 - __main__ - INFO - Image saved to C:\Users\sharv\Intern_project\backend\uploads\f57561375e0c421f86d04e2e76359b72.jpeg
2025-07-03 23:58:26,017 - httpx - INFO - HTTP Request: POST https://api.groq.com/openai/v1/chat/completions "HTTP/1.1 400 Bad Request"
2025-07-03 23:58:26,019 - __main__ - ERROR - Error processing document: Error code: 400 - {'error': {'message': 'The model `mixtral-8x7b-32768` has been decommissioned and is no longer supported. Please refer to https://console.groq.com/docs/deprecations for a recommendation on which model to use instead.', 'type': 'invalid_request_error', 'code': 'model_decommissioned'}}
2025-07-04 00:04:22,145 - __main__ - INFO - Received file: Business Case.docx
2025-07-04 00:04:22,159 - __main__ - INFO - Image saved to C:\Users\sharv\Intern_project\backend\uploads\0f823defaac447459b8753c60662cd99.jpeg
2025-07-04 00:04:22,160 - __main__ - INFO - Image saved to C:\Users\sharv\Intern_project\backend\uploads\aa256b9bfb7841c38c36cd807e54e08f.png
2025-07-04 00:04:22,162 - __main__ - INFO - Image saved to C:\Users\sharv\Intern_project\backend\uploads\be912ba23ad3425ab1412c5d2094eef1.jpeg
2025-07-04 00:04:22,164 - __main__ - INFO - Image saved to C:\Users\sharv\Intern_project\backend\uploads\f7bc1b2880de4557925940ba1cb71c74.jpeg
2025-07-04 00:04:22,482 - httpx - INFO - HTTP Request: POST https://api.groq.com/openai/v1/chat/completions "HTTP/1.1 400 Bad Request"
2025-07-04 00:04:22,483 - __main__ - ERROR - Error processing document: Error code: 400 - {'error': {'message': 'The model `mixtral-8x7b-32768` has been decommissioned and is no longer supported. Please refer to https://console.groq.com/docs/deprecations for a recommendation on which model to use instead.', 'type': 'invalid_request_error', 'code': 'model_decommissioned'}}
2025-07-04 00:08:21,349 - __main__ - INFO - Using upload directory: C:\Users\sharv\Intern_project\backend\uploads
2025-07-04 00:08:34,471 - __main__ - INFO - Received file: Business Case.docx
2025-07-04 00:08:34,495 - __main__ - INFO - Image saved to C:\Users\sharv\Intern_project\backend\uploads\44c225029d884673b36f95cbead7317d.jpeg
2025-07-04 00:08:34,497 - __main__ - INFO - Image saved to C:\Users\sharv\Intern_project\backend\uploads\187ea40e80044b0fae18a2da3946e216.png
2025-07-04 00:08:34,498 - __main__ - INFO - Image saved to C:\Users\sharv\Intern_project\backend\uploads\f047757ea2284fc2a17ec3dd08ec3def.jpeg
2025-07-04 00:08:34,500 - __main__ - INFO - Image saved to C:\Users\sharv\Intern_project\backend\uploads\6670d88e63dc4e8da3ff691a90aa047f.jpeg
2025-07-04 00:08:36,916 - httpx - INFO - HTTP Request: POST https://api.groq.com/openai/v1/chat/completions "HTTP/1.1 200 OK"
2025-07-04 00:08:36,980 - __main__ - INFO - Received file: Business Case.docx
2025-07-04 00:08:36,998 - __main__ - INFO - Image saved to C:\Users\sharv\Intern_project\backend\uploads\aace519f447741f99f6cce931e0b3244.jpeg
2025-07-04 00:08:37,000 - __main__ - INFO - Image saved to C:\Users\sharv\Intern_project\backend\uploads\fc87153033a647c7be463576ed189f26.png
2025-07-04 00:08:37,002 - __main__ - INFO - Image saved to C:\Users\sharv\Intern_project\backend\uploads\9d7d4ee50cce4ff09a24a91ed90ea9fd.jpeg
2025-07-04 00:08:37,006 - __main__ - INFO - Image saved to C:\Users\sharv\Intern_project\backend\uploads\13fa62d5902846f4bb89071b9b44cafa.jpeg
2025-07-04 00:08:39,025 - httpx - INFO - HTTP Request: POST https://api.groq.com/openai/v1/chat/completions "HTTP/1.1 200 OK"
2025-07-04 00:11:18,032 - __main__ - INFO - Received file: Business Case.docx
2025-07-04 00:11:18,052 - __main__ - INFO - Image saved to C:\Users\sharv\Intern_project\backend\uploads\4f6ade3a260b42c39ccefe60e5f386e1.jpeg
2025-07-04 00:11:18,054 - __main__ - INFO - Image saved to C:\Users\sharv\Intern_project\backend\uploads\d5f600ac49e742f981ec6b22f8e7b52c.png
2025-07-04 00:11:18,055 - __main__ - INFO - Image saved to C:\Users\sharv\Intern_project\backend\uploads\6befa2dac7de4d2a8b79f688448d2c2b.jpeg
2025-07-04 00:11:18,057 - __main__ - INFO - Image saved to C:\Users\sharv\Intern_project\backend\uploads\67dea38457534a258ad78b734e6053bd.jpeg
2025-07-04 00:11:20,053 - httpx - INFO - HTTP Request: POST https://api.groq.com/openai/v1/chat/completions "HTTP/1.1 200 OK"
2025-07-04 00:18:01,236 - __main__ - INFO - Using upload directory: C:\Users\sharv\Intern_project\backend\uploads
2025-07-04 00:18:13,865 - __main__ - INFO - Received file: Business Case.docx
2025-07-04 00:18:13,902 - __main__ - INFO - Image saved to C:\Users\sharv\Intern_project\backend\uploads\Business_Case_1.jpeg
2025-07-04 00:18:13,906 - __main__ - INFO - Image saved to C:\Users\sharv\Intern_project\backend\uploads\Business_Case_3.png
2025-07-04 00:18:13,909 - __main__ - INFO - Image saved to C:\Users\sharv\Intern_project\backend\uploads\Business_Case_6.jpeg
2025-07-04 00:18:13,915 - __main__ - INFO - Image saved to C:\Users\sharv\Intern_project\backend\uploads\Business_Case_7.jpeg
2025-07-04 00:18:14,991 - httpx - INFO - HTTP Request: POST https://api.groq.com/openai/v1/chat/completions "HTTP/1.1 503 Service Unavailable"
2025-07-04 00:18:14,993 - groq._base_client - INFO - Retrying request to /openai/v1/chat/completions in 0.490203 seconds
2025-07-04 00:18:16,906 - httpx - INFO - HTTP Request: POST https://api.groq.com/openai/v1/chat/completions "HTTP/1.1 200 OK"
2025-07-04 00:18:16,951 - __main__ - INFO - Received file: Business Case.docx
2025-07-04 00:18:16,967 - __main__ - INFO - Image saved to C:\Users\sharv\Intern_project\backend\uploads\Business_Case_1.jpeg
2025-07-04 00:18:16,969 - __main__ - INFO - Image saved to C:\Users\sharv\Intern_project\backend\uploads\Business_Case_3.png
2025-07-04 00:18:16,970 - __main__ - INFO - Image saved to C:\Users\sharv\Intern_project\backend\uploads\Business_Case_6.jpeg
2025-07-04 00:18:16,973 - __main__ - INFO - Image saved to C:\Users\sharv\Intern_project\backend\uploads\Business_Case_7.jpeg
2025-07-04 00:18:18,355 - httpx - INFO - HTTP Request: POST https://api.groq.com/openai/v1/chat/completions "HTTP/1.1 503 Service Unavailable"
2025-07-04 00:18:18,357 - groq._base_client - INFO - Retrying request to /openai/v1/chat/completions in 0.471535 seconds
2025-07-04 00:18:19,087 - httpx - INFO - HTTP Request: POST https://api.groq.com/openai/v1/chat/completions "HTTP/1.1 503 Service Unavailable"
2025-07-04 00:18:19,094 - groq._base_client - INFO - Retrying request to /openai/v1/chat/completions in 0.891872 seconds
2025-07-04 00:18:21,356 - httpx - INFO - HTTP Request: POST https://api.groq.com/openai/v1/chat/completions "HTTP/1.1 200 OK"
2025-07-04 00:18:44,853 - __main__ - INFO - Received file: Business Case.docx
2025-07-04 00:18:44,871 - __main__ - INFO - Image saved to C:\Users\sharv\Intern_project\backend\uploads\Business_Case_1.jpeg
2025-07-04 00:18:44,874 - __main__ - INFO - Image saved to C:\Users\sharv\Intern_project\backend\uploads\Business_Case_3.png
2025-07-04 00:18:44,877 - __main__ - INFO - Image saved to C:\Users\sharv\Intern_project\backend\uploads\Business_Case_6.jpeg
2025-07-04 00:18:44,880 - __main__ - INFO - Image saved to C:\Users\sharv\Intern_project\backend\uploads\Business_Case_7.jpeg
2025-07-04 00:18:46,774 - httpx - INFO - HTTP Request: POST https://api.groq.com/openai/v1/chat/completions "HTTP/1.1 200 OK"
2025-07-04 00:21:45,866 - __main__ - INFO - Received file: Business Case.docx
2025-07-04 00:21:45,885 - __main__ - INFO - Image saved to C:\Users\sharv\Intern_project\backend\uploads\Business_Case_1.jpeg
2025-07-04 00:21:45,887 - __main__ - INFO - Image saved to C:\Users\sharv\Intern_project\backend\uploads\Business_Case_3.png
2025-07-04 00:21:45,890 - __main__ - INFO - Image saved to C:\Users\sharv\Intern_project\backend\uploads\Business_Case_6.jpeg
2025-07-04 00:21:45,892 - __main__ - INFO - Image saved to C:\Users\sharv\Intern_project\backend\uploads\Business_Case_7.jpeg
2025-07-04 00:21:47,736 - httpx - INFO - HTTP Request: POST https://api.groq.com/openai/v1/chat/completions "HTTP/1.1 200 OK"
2025-07-04 00:21:47,762 - __main__ - INFO - Received file: Business Case.docx
2025-07-04 00:21:47,791 - __main__ - INFO - Image saved to C:\Users\sharv\Intern_project\backend\uploads\Business_Case_1.jpeg
2025-07-04 00:21:47,793 - __main__ - INFO - Image saved to C:\Users\sharv\Intern_project\backend\uploads\Business_Case_3.png
2025-07-04 00:21:47,795 - __main__ - INFO - Image saved to C:\Users\sharv\Intern_project\backend\uploads\Business_Case_6.jpeg
2025-07-04 00:21:47,797 - __main__ - INFO - Image saved to C:\Users\sharv\Intern_project\backend\uploads\Business_Case_7.jpeg
2025-07-04 00:21:49,647 - httpx - INFO - HTTP Request: POST https://api.groq.com/openai/v1/chat/completions "HTTP/1.1 200 OK"
2025-07-04 00:36:22,996 - __main__ - INFO - Using upload directory: C:\Users\sharv\Intern_project\backend\uploads
2025-07-04 00:36:32,198 - __main__ - INFO - Received file: Business Case.docx
2025-07-04 00:36:32,209 - __main__ - ERROR - Error processing DOCX: [Errno 2] No such file or directory: 'temp_images\\image1.jpeg'
2025-07-04 00:36:32,216 - __main__ - ERROR - Traceback (most recent call last):
  File "C:\Users\sharv\Intern_project\backend\app.py", line 188, in extract_text_and_images_from_docx
    text = docx2txt.process(docx_path, "temp_images")
  File "C:\Users\sharv\AppData\Local\Programs\Python\Python313\Lib\site-packages\docx2txt\docx2txt.py", line 103, in process
    with open(dst_fname, "wb") as dst_f:
         ~~~~^^^^^^^^^^^^^^^^^
FileNotFoundError: [Errno 2] No such file or directory: 'temp_images\\image1.jpeg'

2025-07-04 00:36:32,220 - __main__ - ERROR - Conversion error: [WinError 32] The process cannot access the file because it is being used by another process: 'C:\\Users\\sharv\\AppData\\Local\\Temp\\tmpwuz9a4bk.docx'
Traceback (most recent call last):
  File "C:\Users\sharv\Intern_project\backend\app.py", line 188, in extract_text_and_images_from_docx
    text = docx2txt.process(docx_path, "temp_images")
  File "C:\Users\sharv\AppData\Local\Programs\Python\Python313\Lib\site-packages\docx2txt\docx2txt.py", line 103, in process
    with open(dst_fname, "wb") as dst_f:
         ~~~~^^^^^^^^^^^^^^^^^
FileNotFoundError: [Errno 2] No such file or directory: 'temp_images\\image1.jpeg'

During handling of the above exception, another exception occurred:

Traceback (most recent call last):
  File "C:\Users\sharv\Intern_project\backend\app.py", line 408, in convert_file
    text, images = await extract_text_and_images_from_docx(temp_path, doc_name=doc_name)
                   ^^^^^^^^^^^^^^^^^^^^^^^^^^^^^^^^^^^^^^^^^^^^^^^^^^^^^^^^^^^^^^^^^^^^^
  File "C:\Users\sharv\Intern_project\backend\app.py", line 239, in extract_text_and_images_from_docx
    raise HTTPException(status_code=500, detail="Failed to process DOCX")
fastapi.exceptions.HTTPException: 500: Failed to process DOCX

During handling of the above exception, another exception occurred:

Traceback (most recent call last):
  File "C:\Users\sharv\Intern_project\backend\app.py", line 410, in convert_file
    os.unlink(temp_path)
    ~~~~~~~~~^^^^^^^^^^^
PermissionError: [WinError 32] The process cannot access the file because it is being used by another process: 'C:\\Users\\sharv\\AppData\\Local\\Temp\\tmpwuz9a4bk.docx'

2025-07-04 00:41:30,485 - __main__ - INFO - Using upload directory: C:\Users\sharv\Intern_project\backend\uploads
2025-07-04 00:41:53,056 - __main__ - INFO - Received file: Business Case.docx
2025-07-04 00:41:53,080 - __main__ - INFO - Image saved to C:\Users\sharv\Intern_project\backend\uploads\Business_Case_1.jpeg
2025-07-04 00:41:53,086 - __main__ - INFO - Image saved to C:\Users\sharv\Intern_project\backend\uploads\Business_Case_2.jpeg
2025-07-04 00:41:53,091 - __main__ - INFO - Image saved to C:\Users\sharv\Intern_project\backend\uploads\Business_Case_3.png
2025-07-04 00:41:53,095 - __main__ - INFO - Image saved to C:\Users\sharv\Intern_project\backend\uploads\Business_Case_4.jpeg
2025-07-04 00:41:55,263 - httpx - INFO - HTTP Request: POST https://api.groq.com/openai/v1/chat/completions "HTTP/1.1 200 OK"
2025-07-04 00:41:55,309 - __main__ - INFO - Received file: Business Case.docx
2025-07-04 00:41:55,327 - __main__ - INFO - Image saved to C:\Users\sharv\Intern_project\backend\uploads\Business_Case_1.jpeg
2025-07-04 00:41:55,330 - __main__ - INFO - Image saved to C:\Users\sharv\Intern_project\backend\uploads\Business_Case_2.jpeg
2025-07-04 00:41:55,332 - __main__ - INFO - Image saved to C:\Users\sharv\Intern_project\backend\uploads\Business_Case_3.png
2025-07-04 00:41:55,336 - __main__ - INFO - Image saved to C:\Users\sharv\Intern_project\backend\uploads\Business_Case_4.jpeg
2025-07-04 00:41:57,164 - httpx - INFO - HTTP Request: POST https://api.groq.com/openai/v1/chat/completions "HTTP/1.1 200 OK"
2025-07-04 00:53:34,035 - __main__ - INFO - Using upload directory: C:\Users\sharv\Intern_project\backend\uploads
2025-07-04 00:53:46,100 - __main__ - INFO - Received file: Business Case.docx
2025-07-04 00:53:46,137 - __main__ - INFO - Image saved to C:\Users\sharv\Intern_project\backend\uploads\Business_Case_1.jpeg
2025-07-04 00:53:46,148 - __main__ - INFO - Image saved to C:\Users\sharv\Intern_project\backend\uploads\Business_Case_2.jpeg
2025-07-04 00:53:46,155 - __main__ - INFO - Image saved to C:\Users\sharv\Intern_project\backend\uploads\Business_Case_3.png
2025-07-04 00:53:46,161 - __main__ - INFO - Image saved to C:\Users\sharv\Intern_project\backend\uploads\Business_Case_4.jpeg
2025-07-04 00:53:49,694 - httpx - INFO - HTTP Request: POST https://api.groq.com/openai/v1/chat/completions "HTTP/1.1 200 OK"
2025-07-04 00:53:49,736 - __main__ - INFO - Received file: Business Case.docx
2025-07-04 00:53:49,755 - __main__ - INFO - Image saved to C:\Users\sharv\Intern_project\backend\uploads\Business_Case_1.jpeg
2025-07-04 00:53:49,760 - __main__ - INFO - Image saved to C:\Users\sharv\Intern_project\backend\uploads\Business_Case_2.jpeg
2025-07-04 00:53:49,764 - __main__ - INFO - Image saved to C:\Users\sharv\Intern_project\backend\uploads\Business_Case_3.png
2025-07-04 00:53:49,769 - __main__ - INFO - Image saved to C:\Users\sharv\Intern_project\backend\uploads\Business_Case_4.jpeg
2025-07-04 00:53:52,211 - httpx - INFO - HTTP Request: POST https://api.groq.com/openai/v1/chat/completions "HTTP/1.1 200 OK"
2025-07-04 00:58:30,774 - __main__ - INFO - Using upload directory: C:\Users\sharv\Intern_project\backend\uploads
2025-07-04 00:58:39,399 - __main__ - INFO - Received file: Business Case.pdf
2025-07-04 00:58:40,718 - __main__ - INFO - Image saved to C:\Users\sharv\Intern_project\backend\uploads\Business_Case_1.png
2025-07-04 00:58:41,012 - __main__ - INFO - Image saved to C:\Users\sharv\Intern_project\backend\uploads\Business_Case_2.png
2025-07-04 00:58:41,305 - __main__ - INFO - Image saved to C:\Users\sharv\Intern_project\backend\uploads\Business_Case_3.png
2025-07-04 00:58:44,215 - httpx - INFO - HTTP Request: POST https://api.groq.com/openai/v1/chat/completions "HTTP/1.1 200 OK"
2025-07-04 00:58:44,252 - __main__ - INFO - Received file: Business Case.pdf
2025-07-04 00:58:45,173 - __main__ - INFO - Image saved to C:\Users\sharv\Intern_project\backend\uploads\Business_Case_1.png
2025-07-04 00:58:45,457 - __main__ - INFO - Image saved to C:\Users\sharv\Intern_project\backend\uploads\Business_Case_2.png
2025-07-04 00:58:45,758 - __main__ - INFO - Image saved to C:\Users\sharv\Intern_project\backend\uploads\Business_Case_3.png
2025-07-04 00:58:48,213 - httpx - INFO - HTTP Request: POST https://api.groq.com/openai/v1/chat/completions "HTTP/1.1 200 OK"
2025-07-04 01:00:22,812 - __main__ - INFO - Using upload directory: C:\Users\sharv\Intern_project\backend\uploads
2025-07-04 01:00:40,198 - __main__ - INFO - Received file: Python_Certificate.pdf
2025-07-04 01:00:41,024 - __main__ - INFO - Image saved to C:\Users\sharv\Intern_project\backend\uploads\Python_Certificate_1.png
2025-07-04 01:00:42,004 - httpx - INFO - HTTP Request: POST https://api.groq.com/openai/v1/chat/completions "HTTP/1.1 200 OK"
2025-07-04 01:03:18,568 - __main__ - INFO - Using upload directory: C:\Users\sharv\Intern_project\backend\uploads
2025-07-04 01:03:30,673 - __main__ - INFO - Received file: Business Case.docx
2025-07-04 01:03:30,690 - __main__ - INFO - Image saved to C:\Users\sharv\Intern_project\backend\uploads\Business_Case_1.jpeg
2025-07-04 01:03:30,692 - __main__ - INFO - Image saved to C:\Users\sharv\Intern_project\backend\uploads\Business_Case_2.jpeg
2025-07-04 01:03:30,693 - __main__ - INFO - Image saved to C:\Users\sharv\Intern_project\backend\uploads\Business_Case_3.png
2025-07-04 01:03:30,695 - __main__ - INFO - Image saved to C:\Users\sharv\Intern_project\backend\uploads\Business_Case_4.jpeg
2025-07-04 01:03:33,055 - httpx - INFO - HTTP Request: POST https://api.groq.com/openai/v1/chat/completions "HTTP/1.1 200 OK"
2025-07-04 01:03:33,097 - __main__ - INFO - Received file: Business Case.docx
2025-07-04 01:03:33,119 - __main__ - INFO - Image saved to C:\Users\sharv\Intern_project\backend\uploads\Business_Case_1.jpeg
2025-07-04 01:03:33,122 - __main__ - INFO - Image saved to C:\Users\sharv\Intern_project\backend\uploads\Business_Case_2.jpeg
2025-07-04 01:03:33,124 - __main__ - INFO - Image saved to C:\Users\sharv\Intern_project\backend\uploads\Business_Case_3.png
2025-07-04 01:03:33,128 - __main__ - INFO - Image saved to C:\Users\sharv\Intern_project\backend\uploads\Business_Case_4.jpeg
2025-07-04 01:03:35,068 - httpx - INFO - HTTP Request: POST https://api.groq.com/openai/v1/chat/completions "HTTP/1.1 200 OK"
2025-07-04 10:12:52,250 - __main__ - INFO - Using upload directory: C:\Users\sharv\Intern_project\backend\uploads
2025-07-04 10:13:05,474 - __main__ - INFO - Received file: Business Case.docx
2025-07-04 10:13:05,530 - __main__ - INFO - Image saved to C:\Users\sharv\Intern_project\backend\uploads\Business_Case_1.jpeg
2025-07-04 10:13:05,536 - __main__ - INFO - Image saved to C:\Users\sharv\Intern_project\backend\uploads\Business_Case_2.jpeg
2025-07-04 10:13:05,541 - __main__ - INFO - Image saved to C:\Users\sharv\Intern_project\backend\uploads\Business_Case_3.png
2025-07-04 10:13:05,546 - __main__ - INFO - Image saved to C:\Users\sharv\Intern_project\backend\uploads\Business_Case_4.jpeg
2025-07-04 10:13:08,008 - httpx - INFO - HTTP Request: POST https://api.groq.com/openai/v1/chat/completions "HTTP/1.1 200 OK"
2025-07-04 10:13:08,060 - __main__ - INFO - Received file: Business Case.docx
2025-07-04 10:13:08,082 - __main__ - INFO - Image saved to C:\Users\sharv\Intern_project\backend\uploads\Business_Case_1.jpeg
2025-07-04 10:13:08,088 - __main__ - INFO - Image saved to C:\Users\sharv\Intern_project\backend\uploads\Business_Case_2.jpeg
2025-07-04 10:13:08,096 - __main__ - INFO - Image saved to C:\Users\sharv\Intern_project\backend\uploads\Business_Case_3.png
2025-07-04 10:13:08,101 - __main__ - INFO - Image saved to C:\Users\sharv\Intern_project\backend\uploads\Business_Case_4.jpeg
2025-07-04 10:13:09,983 - httpx - INFO - HTTP Request: POST https://api.groq.com/openai/v1/chat/completions "HTTP/1.1 200 OK"
